Script started on Fri Jun  8 11:24:36 2018
python3: can't open file 'cctestbedv2.py': [Errno 2] No such file or directory

Script done on Fri Jun  8 11:24:36 2018
